// Jest Snapshot v1, https://goo.gl/fbAQLP

exports[`renders correctly 1`] = `
<Component>
  <Background
    logo={true}
  />
  <Component
    style={
      Object {
        "marginBottom": 66.7,
        "paddingLeft": 37.5,
        "paddingRight": 37.5,
      }
    }
  >
    <TextInput
      allowFontScaling={true}
      onChangeText={[Function]}
      placeholder="Email Address"
      placeholderTextColor="rgba(255, 255, 255, 0.2)"
      style={
        Object {
          "alignItems": "center",
          "backgroundColor": "rgba(255, 255, 255, 0.2)",
          "color": "#FFF",
          "fontSize": 20,
          "height": 66.7,
          "marginBottom": 40.019999999999996,
          "paddingHorizontal": 10,
        }
      }
    />
    <TextInput
      allowFontScaling={true}
      onChangeText={[Function]}
      placeholder="password"
      placeholderTextColor="rgba(255, 255, 255, 0.2)"
      secureTextEntry={true}
      style={
        Object {
          "alignItems": "center",
          "backgroundColor": "rgba(255, 255, 255, 0.2)",
          "color": "#FFF",
          "fontSize": 20,
          "height": 66.7,
          "marginBottom": 40.019999999999996,
          "paddingHorizontal": 10,
        }
      }
    />
    <TouchableOpacity
      activeOpacity={0.2}
      style={
        Object {
          "alignItems": "center",
          "flexDirection": "row",
          "height": "25%",
          "justifyContent": "center",
          "width": "100%",
        }
      }
    >
      <Styled(Button)
        onPress={[Function]}
        style={
          Object {
            "backgroundColor": "transparent",
            "borderColor": "grey",
            "borderRadius": 100,
            "borderWidth": 1,
            "justifyContent": "center",
            "marginTop": 20,
            "width": 200,
          }
        }
      >
        <Styled(Text)
          style={
            Object {
              "fontWeight": "bold",
            }
          }
        >
          LOGIN
        </Styled(Text)>
      </Styled(Button)>
    </TouchableOpacity>
    <Component
      style={
        Object {
          "flexDirection": "row",
        }
      }
    >
      <Component
        style={
          Object {
            "alignSelf": "center",
            "backgroundColor": "grey",
            "flex": 1,
            "height": 1,
          }
        }
      />
      <Styled(Text)
        style={
          Object {
            "alignSelf": "center",
            "color": "grey",
            "fontSize": 18,
            "paddingHorizontal": 5,
          }
        }
      >
        OR
      </Styled(Text)>
      <Component
        style={
          Object {
            "alignSelf": "center",
            "backgroundColor": "grey",
            "flex": 1,
            "height": 1,
          }
        }
      />
    </Component>
    <Component
      style={
        Object {
          "flexDirection": "row",
          "justifyContent": "center",
          "marginTop": 19.057142857142857,
        }
      }
    >
      <Styled(Button)
        activeOpacity={0.5}
        bordered={true}
        iconLeft={true}
        onPress={[Function]}
        style={
          Object {
            "borderColor": "grey",
            "height": 95.28571428571429,
            "width": 285,
          }
        }
      >
        <Styled(Icon)
          name="logo-facebook"
          style={
            Object {
              "color": "grey",
              "fontSize": 30,
            }
          }
        />
        <Styled(Text)
          style={
            Object {
              "color": "grey",
              "fontSize": 18,
              "fontWeight": "500",
              "paddingLeft": 25,
            }
          }
          uppercase={false}
        >
          Facebook
        </Styled(Text)>
      </Styled(Button)>
    </Component>
  </Component>
</Component>
`;
